ts,firm_id,price,unit,src,confidence,hash
2024-06-03T10:00:00+00:00,FNB,168,bps,jse,80,5129f896761969b17afa5556eef436a7ae401b2a70ee1e1348725994f7a459fc
2024-06-03T10:00:00+00:00,NED,172,bps,jse,80,8b339961623b161c5ad1fea0f05ee13d3f0f9c9de776f787ec2e2790897983ba
2024-06-03T12:00:00+00:00,FNB,169,bps,derived,70,65415363cd15c526955fac2cbeb66a01e369a205ec6dbd3d826632e542c1815a
2024-06-03T12:00:00+00:00,NED,171,bps,derived,70,720684c951a51c8b4c9abc0e80f2ea2a8fc72ec7e37e6eca0bdbd6c0f1c2ba87
2024-06-03T14:00:00+00:00,FNB,170,bps,derived,70,6a8c79c499af1085c10617f1064ad75fdd14f58c20ac039a02302db17112ddf6
2024-06-03T14:00:00+00:00,NED,172,bps,derived,70,c3c1d285f58edd7efc4cdcf96315e33bf2acf53b3c22fb4858fa91287d227f21
