{
  "requestedAt": "2025-09-09T09:17:08Z",
  "status": "READY",
  "url": "https://example.com/evidence/acd-evidence-2025-09-09.zip",
  "bundleId": "mock-20250909-0917",
  "estSeconds": 45
}
